###############################################################################
#
# IAR ELF Linker V8.11.2.13589/W32 for ARM                27/Jun/2017  15:57:03
# Copyright 2007-2017 IAR Systems AB.
#
#    Output file  =  
#        D:\01_MiladuoSoft\github\STM32F0xx_Gateway\stm32f0xx_stdperiph_lib\Project\STM32F0xx_StdPeriph_Templates\EWARM\STM32F030\Exe\Project.out
#    Map file     =  
#        D:\01_MiladuoSoft\github\STM32F0xx_Gateway\stm32f0xx_stdperiph_lib\Project\STM32F0xx_StdPeriph_Templates\EWARM\STM32F030\List\Project.map
#    Command line =  
#        -f C:\Users\MILADU~1\AppData\Local\Temp\EWBB89.tmp
#        (D:\01_MiladuoSoft\github\STM32F0xx_Gateway\stm32f0xx_stdperiph_lib\Project\STM32F0xx_StdPeriph_Templates\EWARM\STM32F030\Obj\hal_beep.o
#        D:\01_MiladuoSoft\github\STM32F0xx_Gateway\stm32f0xx_stdperiph_lib\Project\STM32F0xx_StdPeriph_Templates\EWARM\STM32F030\Obj\hal_common.o
#        D:\01_MiladuoSoft\github\STM32F0xx_Gateway\stm32f0xx_stdperiph_lib\Project\STM32F0xx_StdPeriph_Templates\EWARM\STM32F030\Obj\hal_gpio.o
#        D:\01_MiladuoSoft\github\STM32F0xx_Gateway\stm32f0xx_stdperiph_lib\Project\STM32F0xx_StdPeriph_Templates\EWARM\STM32F030\Obj\hal_gprs.o
#        D:\01_MiladuoSoft\github\STM32F0xx_Gateway\stm32f0xx_stdperiph_lib\Project\STM32F0xx_StdPeriph_Templates\EWARM\STM32F030\Obj\hal_led.o
#        D:\01_MiladuoSoft\github\STM32F0xx_Gateway\stm32f0xx_stdperiph_lib\Project\STM32F0xx_StdPeriph_Templates\EWARM\STM32F030\Obj\hal_sysclock.o
#        D:\01_MiladuoSoft\github\STM32F0xx_Gateway\stm32f0xx_stdperiph_lib\Project\STM32F0xx_StdPeriph_Templates\EWARM\STM32F030\Obj\hal_systick.o
#        D:\01_MiladuoSoft\github\STM32F0xx_Gateway\stm32f0xx_stdperiph_lib\Project\STM32F0xx_StdPeriph_Templates\EWARM\STM32F030\Obj\hal_uart.o
#        D:\01_MiladuoSoft\github\STM32F0xx_Gateway\stm32f0xx_stdperiph_lib\Project\STM32F0xx_StdPeriph_Templates\EWARM\STM32F030\Obj\hal_ut.o
#        D:\01_MiladuoSoft\github\STM32F0xx_Gateway\stm32f0xx_stdperiph_lib\Project\STM32F0xx_StdPeriph_Templates\EWARM\STM32F030\Obj\main.o
#        D:\01_MiladuoSoft\github\STM32F0xx_Gateway\stm32f0xx_stdperiph_lib\Project\STM32F0xx_StdPeriph_Templates\EWARM\STM32F030\Obj\startup_stm32f030.o
#        D:\01_MiladuoSoft\github\STM32F0xx_Gateway\stm32f0xx_stdperiph_lib\Project\STM32F0xx_StdPeriph_Templates\EWARM\STM32F030\Obj\stm32f0xx_adc.o
#        D:\01_MiladuoSoft\github\STM32F0xx_Gateway\stm32f0xx_stdperiph_lib\Project\STM32F0xx_StdPeriph_Templates\EWARM\STM32F030\Obj\stm32f0xx_crc.o
#        D:\01_MiladuoSoft\github\STM32F0xx_Gateway\stm32f0xx_stdperiph_lib\Project\STM32F0xx_StdPeriph_Templates\EWARM\STM32F030\Obj\stm32f0xx_dbgmcu.o
#        D:\01_MiladuoSoft\github\STM32F0xx_Gateway\stm32f0xx_stdperiph_lib\Project\STM32F0xx_StdPeriph_Templates\EWARM\STM32F030\Obj\stm32f0xx_dma.o
#        D:\01_MiladuoSoft\github\STM32F0xx_Gateway\stm32f0xx_stdperiph_lib\Project\STM32F0xx_StdPeriph_Templates\EWARM\STM32F030\Obj\stm32f0xx_exti.o
#        D:\01_MiladuoSoft\github\STM32F0xx_Gateway\stm32f0xx_stdperiph_lib\Project\STM32F0xx_StdPeriph_Templates\EWARM\STM32F030\Obj\stm32f0xx_flash.o
#        D:\01_MiladuoSoft\github\STM32F0xx_Gateway\stm32f0xx_stdperiph_lib\Project\STM32F0xx_StdPeriph_Templates\EWARM\STM32F030\Obj\stm32f0xx_gpio.o
#        D:\01_MiladuoSoft\github\STM32F0xx_Gateway\stm32f0xx_stdperiph_lib\Project\STM32F0xx_StdPeriph_Templates\EWARM\STM32F030\Obj\stm32f0xx_i2c.o
#        D:\01_MiladuoSoft\github\STM32F0xx_Gateway\stm32f0xx_stdperiph_lib\Project\STM32F0xx_StdPeriph_Templates\EWARM\STM32F030\Obj\stm32f0xx_it.o
#        D:\01_MiladuoSoft\github\STM32F0xx_Gateway\stm32f0xx_stdperiph_lib\Project\STM32F0xx_StdPeriph_Templates\EWARM\STM32F030\Obj\stm32f0xx_iwdg.o
#        D:\01_MiladuoSoft\github\STM32F0xx_Gateway\stm32f0xx_stdperiph_lib\Project\STM32F0xx_StdPeriph_Templates\EWARM\STM32F030\Obj\stm32f0xx_misc.o
#        D:\01_MiladuoSoft\github\STM32F0xx_Gateway\stm32f0xx_stdperiph_lib\Project\STM32F0xx_StdPeriph_Templates\EWARM\STM32F030\Obj\stm32f0xx_pwr.o
#        D:\01_MiladuoSoft\github\STM32F0xx_Gateway\stm32f0xx_stdperiph_lib\Project\STM32F0xx_StdPeriph_Templates\EWARM\STM32F030\Obj\stm32f0xx_rcc.o
#        D:\01_MiladuoSoft\github\STM32F0xx_Gateway\stm32f0xx_stdperiph_lib\Project\STM32F0xx_StdPeriph_Templates\EWARM\STM32F030\Obj\stm32f0xx_rtc.o
#        D:\01_MiladuoSoft\github\STM32F0xx_Gateway\stm32f0xx_stdperiph_lib\Project\STM32F0xx_StdPeriph_Templates\EWARM\STM32F030\Obj\stm32f0xx_spi.o
#        D:\01_MiladuoSoft\github\STM32F0xx_Gateway\stm32f0xx_stdperiph_lib\Project\STM32F0xx_StdPeriph_Templates\EWARM\STM32F030\Obj\stm32f0xx_syscfg.o
#        D:\01_MiladuoSoft\github\STM32F0xx_Gateway\stm32f0xx_stdperiph_lib\Project\STM32F0xx_StdPeriph_Templates\EWARM\STM32F030\Obj\stm32f0xx_tim.o
#        D:\01_MiladuoSoft\github\STM32F0xx_Gateway\stm32f0xx_stdperiph_lib\Project\STM32F0xx_StdPeriph_Templates\EWARM\STM32F030\Obj\stm32f0xx_usart.o
#        D:\01_MiladuoSoft\github\STM32F0xx_Gateway\stm32f0xx_stdperiph_lib\Project\STM32F0xx_StdPeriph_Templates\EWARM\STM32F030\Obj\stm32f0xx_wwdg.o
#        D:\01_MiladuoSoft\github\STM32F0xx_Gateway\stm32f0xx_stdperiph_lib\Project\STM32F0xx_StdPeriph_Templates\EWARM\STM32F030\Obj\system_stm32f0xx.o
#        --redirect _Printf=_PrintfSmall --redirect _Scanf=_ScanfSmall -o
#        D:\01_MiladuoSoft\github\STM32F0xx_Gateway\stm32f0xx_stdperiph_lib\Project\STM32F0xx_StdPeriph_Templates\EWARM\STM32F030\Exe\Project.out
#        --map
#        D:\01_MiladuoSoft\github\STM32F0xx_Gateway\stm32f0xx_stdperiph_lib\Project\STM32F0xx_StdPeriph_Templates\EWARM\STM32F030\List\Project.map
#        --config
#        D:\01_MiladuoSoft\github\STM32F0xx_Gateway\stm32f0xx_stdperiph_lib\Project\STM32F0xx_StdPeriph_Templates\EWARM\stm32f030_flash.icf
#        --semihosting --entry __iar_program_start --vfe --text_out locale)
#
###############################################################################

*******************************************************************************
*** RUNTIME MODEL ATTRIBUTES
***

CppFlavor       = *
__SystemLibrary = DLib
__dlib_version  = 6


*******************************************************************************
*** HEAP SELECTION
***

The basic heap was selected because no calls to memory allocation
functions were found in the application outside of system library
functions, and there are calls to deallocation functions in the
application.


*******************************************************************************
*** PLACEMENT SUMMARY
***

"A0":  place at 0x08000000 { ro section .intvec };
"P1":  place in [from 0x08000000 to 0x0800ffff] { ro };
define block CSTACK with size = 1K, alignment = 8 { };
define block HEAP with size = 512, alignment = 8 { };
"P2":  place in [from 0x20000000 to 0x20001fff] {
          rw, block CSTACK, block HEAP };
initialize by copy { rw };

  Section            Kind        Address    Size  Object
  -------            ----        -------    ----  ------
"A0":                                       0xb4
  .intvec            ro code  0x08000000    0xb4  startup_stm32f030.o [1]
                            - 0x080000b4    0xb4

"P1":                                     0x104a
  .text              ro code  0x080000b4   0x228  stm32f0xx_rcc.o [1]
  .text              ro code  0x080002dc    0xae  I32DivModFast.o [4]
  .text              ro code  0x0800038a     0x2  startup_stm32f030.o [1]
  .text              ro code  0x0800038c     0x2  IntDivZer.o [4]
  .text              ro code  0x0800038e     0x2  startup_stm32f030.o [1]
  .text              ro code  0x08000390   0x208  system_stm32f0xx.o [1]
  .text              ro code  0x08000598   0x1ba  hal_led.o [1]
  .text              ro code  0x08000752     0x2  startup_stm32f030.o [1]
  .text              ro code  0x08000754    0x50  ABImemset.o [4]
  .text              ro code  0x080007a4   0x12e  stm32f0xx_gpio.o [1]
  .text              ro code  0x080008d2     0xa  hal_gpio.o [1]
  .text              ro code  0x080008dc   0x1a4  stm32f0xx_usart.o [1]
  .text              ro code  0x08000a80   0x160  stm32f0xx_it.o [1]
  .text              ro code  0x08000be0   0x114  hal_systick.o [1]
  .text              ro code  0x08000cf4   0x118  hal_beep.o [1]
  .text              ro code  0x08000e0c    0xcc  hal_uart.o [1]
  .text              ro code  0x08000ed8    0x74  stm32f0xx_misc.o [1]
  .text              ro code  0x08000f4c    0x40  zero_init3.o [4]
  .text              ro code  0x08000f8c    0x30  copy_init3.o [4]
  .text              ro code  0x08000fbc    0x28  startup_stm32f030.o [1]
  .text              ro code  0x08000fe4    0x28  data_init.o [4]
  Initializer bytes  const    0x0800100c    0x24  <for P2-1>
  .iar.init_table    const    0x08001030    0x24  - Linker created -
  .text              ro code  0x08001054    0x1a  hal_common.o [1]
  .text              ro code  0x0800106e     0xc  hal_sysclock.o [1]
  .text              ro code  0x0800107a     0x2  startup_stm32f030.o [1]
  .text              ro code  0x0800107c    0x1a  cmain.o [4]
  .text              ro code  0x08001096     0x4  low_level_init.o [3]
  .text              ro code  0x0800109a     0xe  main.o [1]
  .text              ro code  0x080010a8     0x8  exit.o [3]
  .text              ro code  0x080010b0     0xa  cexit.o [4]
  .text              ro code  0x080010ba     0x2  startup_stm32f030.o [1]
  .text              ro code  0x080010bc    0x14  exit.o [5]
  .text              ro code  0x080010d0     0xc  cstartup_M.o [4]
  .text              ro code  0x080010dc     0x2  startup_stm32f030.o [1]
  .text              ro code  0x080010de     0x2  startup_stm32f030.o [1]
  .text              ro code  0x080010e0     0x2  startup_stm32f030.o [1]
  .text              ro code  0x080010e2     0x2  startup_stm32f030.o [1]
  .text              ro code  0x080010e4     0x2  startup_stm32f030.o [1]
  .text              ro code  0x080010e6     0x2  startup_stm32f030.o [1]
  .text              ro code  0x080010e8     0x2  startup_stm32f030.o [1]
  .text              ro code  0x080010ea     0x2  startup_stm32f030.o [1]
  .text              ro code  0x080010ec     0x2  startup_stm32f030.o [1]
  .text              ro code  0x080010ee     0x2  startup_stm32f030.o [1]
  .text              ro code  0x080010f0     0x2  startup_stm32f030.o [1]
  .text              ro code  0x080010f2     0x2  startup_stm32f030.o [1]
  .text              ro code  0x080010f4     0x2  startup_stm32f030.o [1]
  .text              ro code  0x080010f6     0x2  startup_stm32f030.o [1]
  .text              ro code  0x080010f8     0x2  startup_stm32f030.o [1]
  .text              ro code  0x080010fa     0x2  startup_stm32f030.o [1]
  .text              ro code  0x080010fc     0x2  startup_stm32f030.o [1]
  .rodata            const    0x080010fe     0x0  zero_init3.o [4]
  .rodata            const    0x080010fe     0x0  copy_init3.o [4]
                            - 0x080010fe  0x104a

"P2", part 1 of 3:                          0x24
  P2-1                        0x20000000    0x24  <Init block>
    .data            inited   0x20000000    0x10  stm32f0xx_rcc.o [1]
    .data            inited   0x20000010     0x4  system_stm32f0xx.o [1]
    .data            inited   0x20000014    0x10  system_stm32f0xx.o [1]
                            - 0x20000024    0x24

"P2", part 2 of 3:                         0x1b8
  .bss               zero     0x20000024    0xc8  hal_uart.o [1]
  .bss               zero     0x200000ec    0xc8  hal_uart.o [1]
  .bss               zero     0x200001b4     0xc  hal_beep.o [1]
  .bss               zero     0x200001c0     0xc  hal_led.o [1]
  .bss               zero     0x200001cc     0xc  hal_led.o [1]
  .bss               zero     0x200001d8     0x4  hal_systick.o [1]
                            - 0x200001dc   0x1b8

"P2", part 3 of 3:                         0x400
  CSTACK                      0x200001e0   0x400  <Block>
    CSTACK           uninit   0x200001e0   0x400  <Block tail>
                            - 0x200005e0   0x400


*******************************************************************************
*** INIT TABLE
***

          Address     Size
          -------     ----
Zero (__iar_zero_init3)
    1 destination range, total size 0x1b8:
          0x20000024  0x1b8

Copy (__iar_copy_init3)
    1 source range, total size 0x24:
          0x0800100c   0x24
    1 destination range, total size 0x24:
          0x20000000   0x24



*******************************************************************************
*** MODULE SUMMARY
***

    Module               ro code  ro data  rw data
    ------               -------  -------  -------
D:\01_MiladuoSoft\github\STM32F0xx_Gateway\stm32f0xx_stdperiph_lib\Project\STM32F0xx_StdPeriph_Templates\EWARM\STM32F030\Obj: [1]
    hal_beep.o               280                12
    hal_common.o              26
    hal_gpio.o                10
    hal_led.o                442                24
    hal_sysclock.o            12
    hal_systick.o            276                 4
    hal_uart.o               204               400
    main.o                    14
    startup_stm32f030.o      264
    stm32f0xx_gpio.o         302
    stm32f0xx_it.o           352
    stm32f0xx_misc.o         116
    stm32f0xx_rcc.o          552       16       16
    stm32f0xx_usart.o        420
    system_stm32f0xx.o       520       20       20
    ----------------------------------------------
    Total:                 3 790       36      476

command line: [2]
    ----------------------------------------------
    Total:

dl6M_tln.a: [3]
    exit.o                     8
    low_level_init.o           4
    ----------------------------------------------
    Total:                    12

rt6M_tl.a: [4]
    ABImemset.o               80
    I32DivModFast.o          174
    IntDivZer.o                2
    cexit.o                   10
    cmain.o                   26
    copy_init3.o              48
    cstartup_M.o              12
    data_init.o               40
    zero_init3.o              64
    ----------------------------------------------
    Total:                   456

shb_l.a: [5]
    exit.o                    20
    ----------------------------------------------
    Total:                    20

    Linker created                     36    1 024
--------------------------------------------------
    Grand Total:           4 278       72    1 500


*******************************************************************************
*** ENTRY LIST
***

Entry                      Address   Size  Type      Object
-----                      -------   ----  ----      ------
.iar.init_table$$Base   0x08001030          --   Gb  - Linker created -
.iar.init_table$$Limit  0x08001054          --   Gb  - Linker created -
?main                   0x0800107d         Code  Gb  cmain.o [4]
AHBPrescTable           0x20000014   0x10  Data  Gb  system_stm32f0xx.o [1]
APBAHBPrescTable        0x20000000   0x10  Data  Lc  stm32f0xx_rcc.o [1]
CSTACK$$Base            0x200001e0          --   Gb  - Linker created -
CSTACK$$Limit           0x200005e0          --   Gb  - Linker created -
GPIO_Init               0x080007a5   0xbc  Code  Gb  stm32f0xx_gpio.o [1]
GPIO_PinAFConfig        0x08000861   0x72  Code  Gb  stm32f0xx_gpio.o [1]
HardFault_Handler       0x08000a83    0x4  Code  Gb  stm32f0xx_it.o [1]
NMI_Handler             0x08000a81    0x2  Code  Gb  stm32f0xx_it.o [1]
NVIC_Init               0x08000ed9   0x68  Code  Gb  stm32f0xx_misc.o [1]
NVIC_SetPriority        0x08000be1   0x84  Code  Lc  hal_systick.o [1]
PendSV_Handler          0x08000a89    0x2  Code  Gb  stm32f0xx_it.o [1]
RCC_AHBPeriphClockCmd   0x08000275   0x20  Code  Gb  stm32f0xx_rcc.o [1]
RCC_APB1PeriphClockCmd  0x08000299   0x20  Code  Gb  stm32f0xx_rcc.o [1]
RCC_GetClocksFreq       0x080000b5  0x1bc  Code  Gb  stm32f0xx_rcc.o [1]
Region$$Table$$Base     0x08001030          --   Gb  - Linker created -
Region$$Table$$Limit    0x08001054          --   Gb  - Linker created -
SVC_Handler             0x08000a87    0x2  Code  Gb  stm32f0xx_it.o [1]
SetSysClock             0x08000497   0xbe  Code  Lc  system_stm32f0xx.o [1]
SysTick_Config          0x08000c65   0x32  Code  Lc  hal_systick.o [1]
SysTick_Handler         0x08000a8b   0x14  Code  Gb  stm32f0xx_it.o [1]
SystemCoreClock         0x20000010    0x4  Data  Gb  system_stm32f0xx.o [1]
SystemCoreClockUpdate   0x080003ff   0x98  Code  Gb  system_stm32f0xx.o [1]
SystemInit              0x08000391   0x6e  Code  Gb  system_stm32f0xx.o [1]
USART1_IRQHandler       0x08000a9f   0x8c  Code  Gb  stm32f0xx_it.o [1]
USART2_IRQHandler       0x08000b2b   0x8c  Code  Gb  stm32f0xx_it.o [1]
USART_Cmd               0x080009a1   0x1c  Code  Gb  stm32f0xx_usart.o [1]
USART_GetITStatus       0x08000a2d   0x54  Code  Gb  stm32f0xx_usart.o [1]
USART_ITConfig          0x080009e5   0x48  Code  Gb  stm32f0xx_usart.o [1]
USART_Init              0x080008dd   0xc4  Code  Gb  stm32f0xx_usart.o [1]
USART_ReceiveData       0x080009cd    0x8  Code  Gb  stm32f0xx_usart.o [1]
USART_SendData          0x080009c5    0x8  Code  Gb  stm32f0xx_usart.o [1]
__ICFEDIT_region_RAM_end__ {Abs}
                        0x20001fff         Data  Gb  command line/config [2]
__ICFEDIT_region_RAM_start__ {Abs}
                        0x20000000         Data  Gb  command line/config [2]
__aeabi_idiv0           0x0800038d         Code  Gb  IntDivZer.o [4]
__aeabi_memset          0x08000755         Code  Gb  ABImemset.o [4]
__aeabi_uidiv           0x080002dd         Code  Gb  I32DivModFast.o [4]
__aeabi_uidivmod        0x080002dd         Code  Gb  I32DivModFast.o [4]
__cmain                 0x0800107d         Code  Gb  cmain.o [4]
__exit                  0x080010bd   0x14  Code  Gb  exit.o [5]
__iar_Memset4_word      0x08000775         Code  Gb  ABImemset.o [4]
__iar_Memset_word       0x08000761         Code  Gb  ABImemset.o [4]
__iar_copy_init3        0x08000f8d   0x30  Code  Gb  copy_init3.o [4]
__iar_data_init3        0x08000fe5   0x28  Code  Gb  data_init.o [4]
__iar_program_start     0x080010d1         Code  Gb  cstartup_M.o [4]
__iar_systems$$module {Abs}
                        0x00000001         Data  Gb  command line/config [2]
__iar_zero_init3        0x08000f4d   0x40  Code  Gb  zero_init3.o [4]
__low_level_init        0x08001097    0x4  Code  Gb  low_level_init.o [3]
__vector_table          0x08000000         Data  Gb  startup_stm32f030.o [1]
_call_main              0x08001089         Code  Gb  cmain.o [4]
_exit                   0x080010b1         Code  Gb  cexit.o [4]
_main                   0x08001093         Code  Gb  cmain.o [4]
exit                    0x080010a9    0x8  Code  Gb  exit.o [3]
hal_beep                0x200001b4    0xc  Data  Gb  hal_beep.o [1]
hal_beep_ctrl           0x08000d3d   0x1e  Code  Gb  hal_beep.o [1]
hal_beep_thread         0x08000d6d   0x94  Code  Gb  hal_beep.o [1]
hal_gpio_reset          0x080008d9    0x4  Code  Gb  hal_gpio.o [1]
hal_gpio_set            0x080008d3    0x6  Code  Gb  hal_gpio.o [1]
hal_init                0x08001055   0x1a  Code  Gb  hal_common.o [1]
hal_init_beep           0x08000d5b   0x12  Code  Gb  hal_beep.o [1]
hal_init_beep_gpio      0x08000cf5   0x34  Code  Lc  hal_beep.o [1]
hal_init_beep_struct    0x08000d29   0x14  Code  Lc  hal_beep.o [1]
hal_init_led            0x08000735   0x1e  Code  Gb  hal_led.o [1]
hal_init_led_gpio       0x080005bf   0x34  Code  Lc  hal_led.o [1]
hal_init_led_struct     0x08000599   0x26  Code  Lc  hal_led.o [1]
hal_init_sysclock       0x0800106f    0xc  Code  Gb  hal_sysclock.o [1]
hal_init_systick        0x08000c97   0x1a  Code  Gb  hal_systick.o [1]
hal_init_uart           0x08000ec3    0x8  Code  Gb  hal_uart.o [1]
hal_init_uart2          0x08000e0d   0xb6  Code  Lc  hal_uart.o [1]
hal_led_err             0x200001cc    0xc  Data  Gb  hal_led.o [1]
hal_led_err_ctrl        0x0800062f   0x1e  Code  Gb  hal_led.o [1]
hal_led_err_thread      0x08000695   0x92  Code  Gb  hal_led.o [1]
hal_led_power_ctrl      0x080005f3   0x1e  Code  Gb  hal_led.o [1]
hal_led_run             0x200001c0    0xc  Data  Gb  hal_led.o [1]
hal_led_run_ctrl        0x08000611   0x1e  Code  Gb  hal_led.o [1]
hal_led_run_thread      0x0800064d   0x48  Code  Gb  hal_led.o [1]
hal_systick_delay       0x08000cb1   0x12  Code  Gb  hal_systick.o [1]
hal_systick_thread      0x08000cc3   0x16  Code  Gb  hal_systick.o [1]
hal_timing_delay        0x200001d8    0x4  Data  Lc  hal_systick.o [1]
hal_uart1               0x20000024   0xc8  Data  Gb  hal_uart.o [1]
hal_uart2               0x200000ec   0xc8  Data  Gb  hal_uart.o [1]
main                    0x0800109b    0xe  Code  Gb  main.o [1]


[1] = D:\01_MiladuoSoft\github\STM32F0xx_Gateway\stm32f0xx_stdperiph_lib\Project\STM32F0xx_StdPeriph_Templates\EWARM\STM32F030\Obj
[2] = command line
[3] = dl6M_tln.a
[4] = rt6M_tl.a
[5] = shb_l.a

  4 278 bytes of readonly  code memory
     72 bytes of readonly  data memory
  1 500 bytes of readwrite data memory

Errors: none
Warnings: none
